2025-03-06 22:23:23,450 - INFO - Found 9 video files to process
2025-03-06 22:23:23,451 - INFO - Attempting to open video: ./tracking/20250304_10_tracking.mp4
2025-03-06 22:23:23,454 - INFO - Video info - Frames: 304, FPS: 30, Resolution: 490x454
2025-03-06 22:23:23,989 - INFO - Extracted 304 frames from 20250304_10_tracking.mp4 to ./image/20250304_10_tracking
2025-03-06 22:23:23,990 - INFO - Attempting to open video: ./tracking/20250304_1_tracking.mp4
2025-03-06 22:23:23,993 - INFO - Video info - Frames: 280, FPS: 30, Resolution: 490x454
2025-03-06 22:23:24,539 - INFO - Extracted 280 frames from 20250304_1_tracking.mp4 to ./image/20250304_1_tracking
2025-03-06 22:23:24,540 - INFO - Attempting to open video: ./tracking/20250304_3_tracking.mp4
2025-03-06 22:23:24,542 - INFO - Video info - Frames: 304, FPS: 30, Resolution: 490x454
2025-03-06 22:23:25,080 - INFO - Extracted 304 frames from 20250304_3_tracking.mp4 to ./image/20250304_3_tracking
2025-03-06 22:23:25,081 - INFO - Attempting to open video: ./tracking/20250304_5_tracking.mp4
2025-03-06 22:23:25,084 - INFO - Video info - Frames: 305, FPS: 30, Resolution: 490x454
2025-03-06 22:23:25,752 - INFO - Extracted 305 frames from 20250304_5_tracking.mp4 to ./image/20250304_5_tracking
2025-03-06 22:23:25,753 - INFO - Attempting to open video: ./tracking/20250304_9_tracking.mp4
2025-03-06 22:23:25,756 - INFO - Video info - Frames: 305, FPS: 30, Resolution: 490x454
2025-03-06 22:23:26,297 - INFO - Extracted 305 frames from 20250304_9_tracking.mp4 to ./image/20250304_9_tracking
2025-03-06 22:23:26,297 - INFO - Attempting to open video: ./tracking/20250304_7_tracking.mp4
2025-03-06 22:23:26,299 - INFO - Video info - Frames: 305, FPS: 30, Resolution: 490x454
2025-03-06 22:23:26,842 - INFO - Extracted 305 frames from 20250304_7_tracking.mp4 to ./image/20250304_7_tracking
2025-03-06 22:23:26,842 - INFO - Attempting to open video: ./tracking/20250304_6_tracking.mp4
2025-03-06 22:23:26,844 - INFO - Video info - Frames: 305, FPS: 30, Resolution: 490x454
2025-03-06 22:23:27,367 - INFO - Extracted 305 frames from 20250304_6_tracking.mp4 to ./image/20250304_6_tracking
2025-03-06 22:23:27,368 - INFO - Attempting to open video: ./tracking/20250304_4_tracking.mp4
2025-03-06 22:23:27,369 - INFO - Video info - Frames: 304, FPS: 30, Resolution: 490x454
2025-03-06 22:23:27,905 - INFO - Extracted 304 frames from 20250304_4_tracking.mp4 to ./image/20250304_4_tracking
2025-03-06 22:23:27,906 - INFO - Attempting to open video: ./tracking/20250304_2_tracking.mp4
2025-03-06 22:23:27,907 - INFO - Video info - Frames: 304, FPS: 30, Resolution: 490x454
2025-03-06 22:23:28,507 - INFO - Extracted 304 frames from 20250304_2_tracking.mp4 to ./image/20250304_2_tracking
2025-03-06 22:23:28,508 - INFO - All videos processed successfully!
